comment-b
comment-a
-- a.txt --
hello
-- b.txt --
hi
